


ARM Macro Assembler    Page 1 


    1 00000000                 AREA             program, CODE, READONLY
    2 00000000                 EXPORT           main
    3 00000000                 ENTRY
    4 00000000         
    5 00000000         main
    6 00000000         ;Question 1
    7 00000000         ;part b.
    8 00000000 F04F 4300       LDR              r3, = 0x80000000
    9 00000004 F04F 4470       MOV              r4, 0xF0000000
   10 00000008 18E5            ADDS             r5, r4, r3
   11 0000000A         
   12 0000000A         ;part c.
   13 0000000A         ;LDR r6, = 0xFFFFFFFA
   14 0000000A         ;MOV r7, 0x4
   15 0000000A         ;ADDS r8, r7, r6
   16 0000000A         
   17 0000000A         ;Question 3
   18 0000000A         ;LDR r0, = 0xFFFFFFFF
   19 0000000A         ;LDR r1, = 0x2
   20 0000000A         ;LDR r2, = 0x00000001
   21 0000000A         ;LDR r3, = 0x4
   22 0000000A         
   23 0000000A         ;ADDS r4, r2, r0
   24 0000000A         ;ADC r5, r3, r1
   25 0000000A         ;ADDS r6, r5, r4
   26 0000000A         
   27 0000000A         ;Question 4
   28 0000000A         ;LDR r0, = 0x1
   29 0000000A         ;RSBS r1, r0, #88
   30 0000000A         
   31 0000000A         ;Question 5
   32 0000000A         ; y = 11 - 7x^2 - 10x
   33 0000000A         ; y = r2 & x = r1
   34 0000000A         ;  MOV r1, 0xFFFFFFFF
   35 0000000A         ;  ;7x^2
   36 0000000A         ;  MUL r2, r1, r1
   37 0000000A         ;  MOV r3, #7
   38 0000000A         ;  MUL r2, r2, r3
   39 0000000A         ;  ;10x
   40 0000000A         ;  MOV r3, #10
   41 0000000A         ;  MUL r3, r1, r3
   42 0000000A         ;  ;10 - 7x^2
   43 0000000A         ;  RSBS r2, r2, #11
   44 0000000A         ;  ;(10 - 7x^2) - 10x
   45 0000000A         ;  SUBS r2, r2, r3
   46 0000000A         
   47 0000000A E7FE            B                main
   48 0000000C                 END
Command Line: --debug --xref --diag_suppress=9931 --cpu=Cortex-M3 --apcs=interw
ork --depend=.\objects\main.d -o.\objects\main.o -I.\RTE\_Target_1 -IC:\Users\f
ssoh\AppData\Local\Arm\Packs\ARM\CMSIS\5.6.0\CMSIS\Core\Include -IC:\Users\fsso
h\AppData\Local\Arm\Packs\ARM\CMSIS\5.6.0\Device\ARM\ARMCM3\Include --predefine
="__EVAL SETA 1" --predefine="__UVISION_VERSION SETA 528" --predefine="_RTE_ SE
TA 1" --predefine="ARMCM3 SETA 1" --list=.\listings\main.lst main.s



ARM Macro Assembler    Page 1 Alphabetic symbol ordering
Relocatable symbols

main 00000000

Symbol: main
   Definitions
      At line 5 in file main.s
   Uses
      At line 2 in file main.s
      At line 47 in file main.s

program 00000000

Symbol: program
   Definitions
      At line 1 in file main.s
   Uses
      None
Comment: program unused
2 symbols
336 symbols in table
