<html>
<body>
<pre>
<h1>µVision Build Log</h1>
<h2>Tool Versions:</h2>
IDE-Version: µVision V5.28.0.0
Copyright (C) 2019 ARM Ltd and ARM Germany GmbH. All rights reserved.
License Information: Fowad Sohail, Rowan University, LIC=----
 
Tool Versions:
Toolchain:       MDK-Lite  Version: 5.28.0.0
Toolchain Path:  C:\Keil_v5\ARM\ARMCC\Bin
C Compiler:      Armcc.exe V5.06 update 6 (build 750)
Assembler:       Armasm.exe V5.06 update 6 (build 750)
Linker/Locator:  ArmLink.exe V5.06 update 6 (build 750)
Library Manager: ArmAr.exe V5.06 update 6 (build 750)
Hex Converter:   FromElf.exe V5.06 update 6 (build 750)
CPU DLL:         SARMCM3.DLL V5.28.0.0
Dialog DLL:      DCM.DLL V1.17.3.0
Target DLL:      UL2CM3.DLL V1.162.16.0
Dialog DLL:      TCM.DLL V1.36.2.0
 
<h2>Project:</h2>
C:\Users\fssoh\Documents\College\Junior Year\Embedded\Labs\Lab 2\Lab 2.uvprojx
Project File Date:  09/10/2019

<h2>Output:</h2>
*** Using Compiler 'V5.06 update 6 (build 750)', folder: 'C:\Keil_v5\ARM\ARMCC\Bin'
Rebuild target 'Target 1'
assembling startup_ARMCM3.s...
assembling main.s...
main.s(112): warning: A1865W: '#' not seen before constant expression
main.s(113): warning: A1865W: '#' not seen before constant expression
compiling system_ARMCM3.c...
linking...
Program Size: Code=820 RO-data=992 RW-data=4 ZI-data=4100  
".\Objects\Lab 2.axf" - 0 Error(s), 2 Warning(s).

<h2>Software Packages used:</h2>

Package Vendor: ARM
                http://www.keil.com/pack/ARM.CMSIS.5.6.0.pack
                ARM.CMSIS.5.6.0
                CMSIS (Cortex Microcontroller Software Interface Standard)
   * Component: CORE Version: 5.3.0
   * Component: Startup Version: 1.2.0

<h2>Collection of Component include folders:</h2>
  .\RTE\_Target_1
  C:\Users\fssoh\AppData\Local\Arm\Packs\ARM\CMSIS\5.6.0\CMSIS\Core\Include
  C:\Users\fssoh\AppData\Local\Arm\Packs\ARM\CMSIS\5.6.0\Device\ARM\ARMCM3\Include

<h2>Collection of Component Files used:</h2>

   * Component: ARM::CMSIS:CORE:5.3.0

   * Component: ARM::Device:Startup:1.2.0
      Source file:   Device\ARM\ARMCM3\Source\system_ARMCM3.c
      Source file:   Device\ARM\ARMCM3\Source\ARM\startup_ARMCM3.s
      Include file:  Device\ARM\ARMCM3\Include\ARMCM3.h
Build Time Elapsed:  00:00:00
</pre>
</body>
</html>
